Thu Aug 10 06:38:28 AM JST 2023
----------------------------------------------------------------------------------
Filesystem      Size  Used Avail Use% Mounted on
none            8.4G  4.1k  8.4G   1% /mnt/wsl
/dev/sdd        1.1T   34G  993G   4% /mnt/wsl/docker-desktop-data/isocache
none            8.4G   13k  8.4G   1% /mnt/wsl/docker-desktop/shared-sockets/host-services
/dev/sdc        1.1T   63M  1.1T   1% /mnt/wsl/docker-desktop/docker-desktop-user-distro
/dev/loop0      474M  474M     0 100% /mnt/wsl/docker-desktop/cli-tools
none            1.0T  490G  510G  50% /usr/lib/wsl/drivers
none            8.4G     0  8.4G   0% /usr/lib/wsl/lib
/dev/sdf        1.1T   24G  1.1T   3% /
none            8.4G  390k  8.4G   1% /mnt/wslg
rootfs          8.4G  2.0M  8.4G   1% /init
none            8.4G     0  8.4G   0% /dev
none            8.4G     0  8.4G   0% /run
none            8.4G     0  8.4G   0% /run/lock
none            8.4G     0  8.4G   0% /run/shm
none            8.4G     0  8.4G   0% /run/user
tmpfs           8.4G     0  8.4G   0% /sys/fs/cgroup
none            8.4G   78k  8.4G   1% /mnt/wslg/versions.txt
none            8.4G   78k  8.4G   1% /mnt/wslg/doc
drvfs           1.0T  490G  510G  50% /mnt/c
drvfs           2.1T  221M  2.1T   1% /mnt/d
----------------------------------------------------------------------------------
               total        used        free      shared  buff/cache   available
Mem:           15998        2549       11124           9        2656       13449
Swap:              0           0           0
----------------------------------------------------------------------------------
